// Vitest Snapshot v1, https://vitest.dev/guide/snapshot.html

exports[`fetchPokemonByName > fetchPokemonByName - pikachu 1`] = `
{
  "abilities": [
    {
      "ability": {
        "name": "static",
        "url": "https://pokeapi.co/api/v2/ability/9/",
      },
      "is_hidden": false,
      "slot": 1,
    },
    {
      "ability": {
        "name": "lightning-rod",
        "url": "https://pokeapi.co/api/v2/ability/31/",
      },
      "is_hidden": true,
      "slot": 3,
    },
  ],
  "height": 4,
  "id": 25,
  "name": "pikachu",
  "stats": [
    {
      "base_stat": 35,
      "effort": 0,
      "stat": {
        "name": "hp",
        "url": "https://pokeapi.co/api/v2/stat/1/",
      },
    },
    {
      "base_stat": 55,
      "effort": 0,
      "stat": {
        "name": "attack",
        "url": "https://pokeapi.co/api/v2/stat/2/",
      },
    },
    {
      "base_stat": 40,
      "effort": 0,
      "stat": {
        "name": "defense",
        "url": "https://pokeapi.co/api/v2/stat/3/",
      },
    },
    {
      "base_stat": 50,
      "effort": 0,
      "stat": {
        "name": "special-attack",
        "url": "https://pokeapi.co/api/v2/stat/4/",
      },
    },
    {
      "base_stat": 50,
      "effort": 0,
      "stat": {
        "name": "special-defense",
        "url": "https://pokeapi.co/api/v2/stat/5/",
      },
    },
    {
      "base_stat": 90,
      "effort": 2,
      "stat": {
        "name": "speed",
        "url": "https://pokeapi.co/api/v2/stat/6/",
      },
    },
  ],
  "weight": 60,
}
`;
